Archive member included to satisfy reference by file (symbol)

c:/ac6/systemworkbench/plugins/fr.ac6.mcu.externaltools.arm-none.win32_1.13.2.201705091103/tools/compiler/bin/../lib/gcc/arm-none-eabi/5.4.1/../../../../arm-none-eabi/lib/armv7-m\libc_nano.a(lib_a-exit.o)
                              c:/ac6/systemworkbench/plugins/fr.ac6.mcu.externaltools.arm-none.win32_1.13.2.201705091103/tools/compiler/bin/../lib/gcc/arm-none-eabi/5.4.1/../../../../arm-none-eabi/lib/armv7-m/crt0.o (exit)
c:/ac6/systemworkbench/plugins/fr.ac6.mcu.externaltools.arm-none.win32_1.13.2.201705091103/tools/compiler/bin/../lib/gcc/arm-none-eabi/5.4.1/../../../../arm-none-eabi/lib/armv7-m\libc_nano.a(lib_a-impure.o)
                              c:/ac6/systemworkbench/plugins/fr.ac6.mcu.externaltools.arm-none.win32_1.13.2.201705091103/tools/compiler/bin/../lib/gcc/arm-none-eabi/5.4.1/../../../../arm-none-eabi/lib/armv7-m\libc_nano.a(lib_a-exit.o) (_global_impure_ptr)
c:/ac6/systemworkbench/plugins/fr.ac6.mcu.externaltools.arm-none.win32_1.13.2.201705091103/tools/compiler/bin/../lib/gcc/arm-none-eabi/5.4.1/../../../../arm-none-eabi/lib/armv7-m\libc_nano.a(lib_a-init.o)
                              c:/ac6/systemworkbench/plugins/fr.ac6.mcu.externaltools.arm-none.win32_1.13.2.201705091103/tools/compiler/bin/../lib/gcc/arm-none-eabi/5.4.1/../../../../arm-none-eabi/lib/armv7-m/crt0.o (__libc_init_array)
c:/ac6/systemworkbench/plugins/fr.ac6.mcu.externaltools.arm-none.win32_1.13.2.201705091103/tools/compiler/bin/../lib/gcc/arm-none-eabi/5.4.1/../../../../arm-none-eabi/lib/armv7-m\libc_nano.a(lib_a-memcpy-stub.o)
                              Middlewares/Third_Party/FreeRTOS/Source/queue.o (memcpy)
c:/ac6/systemworkbench/plugins/fr.ac6.mcu.externaltools.arm-none.win32_1.13.2.201705091103/tools/compiler/bin/../lib/gcc/arm-none-eabi/5.4.1/../../../../arm-none-eabi/lib/armv7-m\libc_nano.a(lib_a-memset.o)
                              c:/ac6/systemworkbench/plugins/fr.ac6.mcu.externaltools.arm-none.win32_1.13.2.201705091103/tools/compiler/bin/../lib/gcc/arm-none-eabi/5.4.1/../../../../arm-none-eabi/lib/armv7-m/crt0.o (memset)
c:/ac6/systemworkbench/plugins/fr.ac6.mcu.externaltools.arm-none.win32_1.13.2.201705091103/tools/compiler/bin/../lib/gcc/arm-none-eabi/5.4.1/../../../../arm-none-eabi/lib/armv7-m\libnosys.a(_exit.o)
                              c:/ac6/systemworkbench/plugins/fr.ac6.mcu.externaltools.arm-none.win32_1.13.2.201705091103/tools/compiler/bin/../lib/gcc/arm-none-eabi/5.4.1/../../../../arm-none-eabi/lib/armv7-m\libc_nano.a(lib_a-exit.o) (_exit)

Allocating common symbols
Common symbol       size              file

defaultTaskHandle   0x4               Src/main.o
task01Handle        0x4               Src/main.o
xQueueRegistry      0x40              Middlewares/Third_Party/FreeRTOS/Source/queue.o
pFlash              0x20              Drivers/STM32F1xx_HAL_Driver/Src/stm32f1xx_hal_flash.o
ItemSemaphoreHandle
                    0x4               Src/main.o
htim3               0x3c              Src/stm32f1xx_hal_timebase_TIM.o
task02Handle        0x4               Src/main.o
SlotSemaphoreHandle
                    0x4               Src/main.o
QueueMutexHandle    0x4               Src/main.o

Discarded input sections

 .text          0x00000000        0x0 c:/ac6/systemworkbench/plugins/fr.ac6.mcu.externaltools.arm-none.win32_1.13.2.201705091103/tools/compiler/bin/../lib/gcc/arm-none-eabi/5.4.1/armv7-m/crti.o
 .data          0x00000000        0x0 c:/ac6/systemworkbench/plugins/fr.ac6.mcu.externaltools.arm-none.win32_1.13.2.201705091103/tools/compiler/bin/../lib/gcc/arm-none-eabi/5.4.1/armv7-m/crti.o
 .bss           0x00000000        0x0 c:/ac6/systemworkbench/plugins/fr.ac6.mcu.externaltools.arm-none.win32_1.13.2.201705091103/tools/compiler/bin/../lib/gcc/arm-none-eabi/5.4.1/armv7-m/crti.o
 .data          0x00000000        0x4 c:/ac6/systemworkbench/plugins/fr.ac6.mcu.externaltools.arm-none.win32_1.13.2.201705091103/tools/compiler/bin/../lib/gcc/arm-none-eabi/5.4.1/armv7-m/crtbegin.o
 .text          0x00000000       0x74 c:/ac6/systemworkbench/plugins/fr.ac6.mcu.externaltools.arm-none.win32_1.13.2.201705091103/tools/compiler/bin/../lib/gcc/arm-none-eabi/5.4.1/../../../../arm-none-eabi/lib/armv7-m/crt0.o
 .data          0x00000000        0x0 c:/ac6/systemworkbench/plugins/fr.ac6.mcu.externaltools.arm-none.win32_1.13.2.201705091103/tools/compiler/bin/../lib/gcc/arm-none-eabi/5.4.1/../../../../arm-none-eabi/lib/armv7-m/crt0.o
 .bss           0x00000000        0x0 c:/ac6/systemworkbench/plugins/fr.ac6.mcu.externaltools.arm-none.win32_1.13.2.201705091103/tools/compiler/bin/../lib/gcc/arm-none-eabi/5.4.1/../../../../arm-none-eabi/lib/armv7-m/crt0.o
 .ARM.extab     0x00000000        0x0 c:/ac6/systemworkbench/plugins/fr.ac6.mcu.externaltools.arm-none.win32_1.13.2.201705091103/tools/compiler/bin/../lib/gcc/arm-none-eabi/5.4.1/../../../../arm-none-eabi/lib/armv7-m/crt0.o
[...]
Memory Configuration

Name             Origin             Length             Attributes
RAM              0x20000000         0x00005000         xrw
FLASH            0x08000000         0x00010000         xr
*default*        0x00000000         0xffffffff

Linker script and memory map

LOAD c:/ac6/systemworkbench/plugins/fr.ac6.mcu.externaltools.arm-none.win32_1.13.2.201705091103/tools/compiler/bin/../lib/gcc/arm-none-eabi/5.4.1/armv7-m/crti.o
LOAD c:/ac6/systemworkbench/plugins/fr.ac6.mcu.externaltools.arm-none.win32_1.13.2.201705091103/tools/compiler/bin/../lib/gcc/arm-none-eabi/5.4.1/armv7-m/crtbegin.o
LOAD c:/ac6/systemworkbench/plugins/fr.ac6.mcu.externaltools.arm-none.win32_1.13.2.201705091103/tools/compiler/bin/../lib/gcc/arm-none-eabi/5.4.1/../../../../arm-none-eabi/lib/armv7-m/crt0.o
LOAD Drivers/STM32F1xx_HAL_Driver/Src/stm32f1xx_hal.o
LOAD Drivers/STM32F1xx_HAL_Driver/Src/stm32f1xx_hal_cortex.o
LOAD Drivers/STM32F1xx_HAL_Driver/Src/stm32f1xx_hal_dma.o
LOAD Drivers/STM32F1xx_HAL_Driver/Src/stm32f1xx_hal_flash.o
LOAD Drivers/STM32F1xx_HAL_Driver/Src/stm32f1xx_hal_flash_ex.o
LOAD Drivers/STM32F1xx_HAL_Driver/Src/stm32f1xx_hal_gpio.o
LOAD Drivers/STM32F1xx_HAL_Driver/Src/stm32f1xx_hal_gpio_ex.o
LOAD Drivers/STM32F1xx_HAL_Driver/Src/stm32f1xx_hal_pwr.o
LOAD Drivers/STM32F1xx_HAL_Driver/Src/stm32f1xx_hal_rcc.o
LOAD Drivers/STM32F1xx_HAL_Driver/Src/stm32f1xx_hal_rcc_ex.o
LOAD Drivers/STM32F1xx_HAL_Driver/Src/stm32f1xx_hal_tim.o
LOAD Drivers/STM32F1xx_HAL_Driver/Src/stm32f1xx_hal_tim_ex.o
LOAD Middlewares/Third_Party/FreeRTOS/Source/CMSIS_RTOS/cmsis_os.o
LOAD Middlewares/Third_Party/FreeRTOS/Source/croutine.o
LOAD Middlewares/Third_Party/FreeRTOS/Source/event_groups.o
LOAD Middlewares/Third_Party/FreeRTOS/Source/list.o
LOAD Middlewares/Third_Party/FreeRTOS/Source/queue.o
LOAD Middlewares/Third_Party/FreeRTOS/Source/tasks.o
LOAD Middlewares/Third_Party/FreeRTOS/Source/timers.o
LOAD Middlewares/Third_Party/FreeRTOS/Source/portable/GCC/ARM_CM3/port.o
LOAD Middlewares/Third_Party/FreeRTOS/Source/portable/MemMang/heap_4.o
LOAD Src/freertos.o
LOAD Src/main.o
LOAD Src/stm32f1xx_hal_msp.o
LOAD Src/stm32f1xx_hal_timebase_TIM.o
LOAD Src/stm32f1xx_it.o
LOAD Src/system_stm32f1xx.o
LOAD startup/startup_stm32f103xb.o
LOAD c:/ac6/systemworkbench/plugins/fr.ac6.mcu.externaltools.arm-none.win32_1.13.2.201705091103/tools/compiler/bin/../lib/gcc/arm-none-eabi/5.4.1/../../../../arm-none-eabi/lib/armv7-m\libm.a
START GROUP
LOAD c:/ac6/systemworkbench/plugins/fr.ac6.mcu.externaltools.arm-none.win32_1.13.2.201705091103/tools/compiler/bin/../lib/gcc/arm-none-eabi/5.4.1/armv7-m\libgcc.a
LOAD c:/ac6/systemworkbench/plugins/fr.ac6.mcu.externaltools.arm-none.win32_1.13.2.201705091103/tools/compiler/bin/../lib/gcc/arm-none-eabi/5.4.1/../../../../arm-none-eabi/lib/armv7-m\libc_nano.a
END GROUP
START GROUP
LOAD c:/ac6/systemworkbench/plugins/fr.ac6.mcu.externaltools.arm-none.win32_1.13.2.201705091103/tools/compiler/bin/../lib/gcc/arm-none-eabi/5.4.1/armv7-m\libgcc.a
LOAD c:/ac6/systemworkbench/plugins/fr.ac6.mcu.externaltools.arm-none.win32_1.13.2.201705091103/tools/compiler/bin/../lib/gcc/arm-none-eabi/5.4.1/../../../../arm-none-eabi/lib/armv7-m\libc_nano.a
LOAD c:/ac6/systemworkbench/plugins/fr.ac6.mcu.externaltools.arm-none.win32_1.13.2.201705091103/tools/compiler/bin/../lib/gcc/arm-none-eabi/5.4.1/../../../../arm-none-eabi/lib/armv7-m\libnosys.a
END GROUP
START GROUP
LOAD c:/ac6/systemworkbench/plugins/fr.ac6.mcu.externaltools.arm-none.win32_1.13.2.201705091103/tools/compiler/bin/../lib/gcc/arm-none-eabi/5.4.1/armv7-m\libgcc.a
LOAD c:/ac6/systemworkbench/plugins/fr.ac6.mcu.externaltools.arm-none.win32_1.13.2.201705091103/tools/compiler/bin/../lib/gcc/arm-none-eabi/5.4.1/../../../../arm-none-eabi/lib/armv7-m\libc_nano.a
LOAD c:/ac6/systemworkbench/plugins/fr.ac6.mcu.externaltools.arm-none.win32_1.13.2.201705091103/tools/compiler/bin/../lib/gcc/arm-none-eabi/5.4.1/../../../../arm-none-eabi/lib/armv7-m\libnosys.a
END GROUP
LOAD c:/ac6/systemworkbench/plugins/fr.ac6.mcu.externaltools.arm-none.win32_1.13.2.201705091103/tools/compiler/bin/../lib/gcc/arm-none-eabi/5.4.1/armv7-m/crtend.o
LOAD c:/ac6/systemworkbench/plugins/fr.ac6.mcu.externaltools.arm-none.win32_1.13.2.201705091103/tools/compiler/bin/../lib/gcc/arm-none-eabi/5.4.1/armv7-m/crtn.o
                0x20005000                _estack = 0x20005000
                0x00000200                _Min_Heap_Size = 0x200
                0x00000400                _Min_Stack_Size = 0x400

.isr_vector     0x08000000      0x10c
                0x08000000                . = ALIGN (0x4)
 *(.isr_vector)
 .isr_vector    0x08000000      0x10c startup/startup_stm32f103xb.o
                0x08000000                g_pfnVectors
                0x0800010c                . = ALIGN (0x4)

.text           0x0800010c     0x2964
                0x0800010c                . = ALIGN (0x4)
 *(.text)
 .text          0x0800010c       0x5c c:/ac6/systemworkbench/plugins/fr.ac6.mcu.externaltools.arm-none.win32_1.13.2.201705091103/tools/compiler/bin/../lib/gcc/arm-none-eabi/5.4.1/armv7-m/crtbegin.o
 *(.text*)
 .text.HAL_Init
                0x08000168       0x24 Drivers/STM32F1xx_HAL_Driver/Src/stm32f1xx_hal.o
                0x08000168                HAL_Init
 .text.HAL_IncTick
                0x0800018c       0x10 Drivers/STM32F1xx_HAL_Driver/Src/stm32f1xx_hal.o
                0x0800018c                HAL_IncTick
 .text.HAL_GetTick
                0x0800019c        0xc Drivers/STM32F1xx_HAL_Driver/Src/stm32f1xx_hal.o
                0x0800019c                HAL_GetTick
 .text.HAL_Delay
                0x080001a8       0x1c Drivers/STM32F1xx_HAL_Driver/Src/stm32f1xx_hal.o
                0x080001a8                HAL_Delay
 .text.HAL_NVIC_SetPriorityGrouping
                0x080001c4       0x24 Drivers/STM32F1xx_HAL_Driver/Src/stm32f1xx_hal_cortex.o
                0x080001c4                HAL_NVIC_SetPriorityGrouping
 .text.HAL_NVIC_SetPriority
                0x080001e8       0x64 Drivers/STM32F1xx_HAL_Driver/Src/stm32f1xx_hal_cortex.o
                0x080001e8                HAL_NVIC_SetPriority
 .text.HAL_NVIC_EnableIRQ
                0x0800024c       0x18 Drivers/STM32F1xx_HAL_Driver/Src/stm32f1xx_hal_cortex.o
                0x0800024c                HAL_NVIC_EnableIRQ
 .text.HAL_SYSTICK_Config
                0x08000264       0x2c Drivers/STM32F1xx_HAL_Driver/Src/stm32f1xx_hal_cortex.o
                0x08000264                HAL_SYSTICK_Config
 .text.HAL_SYSTICK_CLKSourceConfig
                0x08000290       0x20 Drivers/STM32F1xx_HAL_Driver/Src/stm32f1xx_hal_cortex.o
                0x08000290                HAL_SYSTICK_CLKSourceConfig
 .text.HAL_GPIO_Init
                0x080002b0      0x1d8 Drivers/STM32F1xx_HAL_Driver/Src/stm32f1xx_hal_gpio.o
                0x080002b0                HAL_GPIO_Init
 .text.HAL_GPIO_WritePin
                0x08000488        0xc Drivers/STM32F1xx_HAL_Driver/Src/stm32f1xx_hal_gpio.o
                0x08000488                HAL_GPIO_WritePin
 .text.HAL_GPIO_TogglePin
                0x08000494        0x8 Drivers/STM32F1xx_HAL_Driver/Src/stm32f1xx_hal_gpio.o
                0x08000494                HAL_GPIO_TogglePin
 .text.HAL_RCC_OscConfig
                0x0800049c      0x5ec Drivers/STM32F1xx_HAL_Driver/Src/stm32f1xx_hal_rcc.o
                0x0800049c                HAL_RCC_OscConfig
 .text.HAL_RCC_GetSysClockFreq
                0x08000a88       0x94 Drivers/STM32F1xx_HAL_Driver/Src/stm32f1xx_hal_rcc.o
                0x08000a88                HAL_RCC_GetSysClockFreq
 .text.HAL_RCC_ClockConfig
                0x08000b1c      0x1e4 Drivers/STM32F1xx_HAL_Driver/Src/stm32f1xx_hal_rcc.o
                0x08000b1c                HAL_RCC_ClockConfig
 .text.HAL_RCC_GetHCLKFreq
                0x08000d00        0xc Drivers/STM32F1xx_HAL_Driver/Src/stm32f1xx_hal_rcc.o
                0x08000d00                HAL_RCC_GetHCLKFreq
 .text.HAL_RCC_GetPCLK1Freq
                0x08000d0c       0x30 Drivers/STM32F1xx_HAL_Driver/Src/stm32f1xx_hal_rcc.o
                0x08000d0c                HAL_RCC_GetPCLK1Freq
 .text.HAL_RCC_GetClockConfig
                0x08000d3c       0x3c Drivers/STM32F1xx_HAL_Driver/Src/stm32f1xx_hal_rcc.o
                0x08000d3c                HAL_RCC_GetClockConfig
 .text.HAL_TIM_Base_MspInit
                0x08000d78        0x4 Drivers/STM32F1xx_HAL_Driver/Src/stm32f1xx_hal_tim.o
                0x08000d78                HAL_TIM_Base_MspInit
 .text.HAL_TIM_Base_Start_IT
                0x08000d7c       0x18 Drivers/STM32F1xx_HAL_Driver/Src/stm32f1xx_hal_tim.o
                0x08000d7c                HAL_TIM_Base_Start_IT
 .text.HAL_TIM_OC_DelayElapsedCallback
                0x08000d94        0x4 Drivers/STM32F1xx_HAL_Driver/Src/stm32f1xx_hal_tim.o
                0x08000d94                HAL_TIM_OC_DelayElapsedCallback
 .text.HAL_TIM_IC_CaptureCallback
                0x08000d98        0x4 Drivers/STM32F1xx_HAL_Driver/Src/stm32f1xx_hal_tim.o
                0x08000d98                HAL_TIM_IC_CaptureCallback
 .text.HAL_TIM_PWM_PulseFinishedCallback
                0x08000d9c        0x4 Drivers/STM32F1xx_HAL_Driver/Src/stm32f1xx_hal_tim.o
                0x08000d9c                HAL_TIM_PWM_PulseFinishedCallback
 .text.HAL_TIM_TriggerCallback
                0x08000da0        0x4 Drivers/STM32F1xx_HAL_Driver/Src/stm32f1xx_hal_tim.o
                0x08000da0                HAL_TIM_TriggerCallback
 .text.HAL_TIM_IRQHandler
                0x08000da4      0x174 Drivers/STM32F1xx_HAL_Driver/Src/stm32f1xx_hal_tim.o
                0x08000da4                HAL_TIM_IRQHandler
 .text.TIM_Base_SetConfig
                0x08000f18       0x68 Drivers/STM32F1xx_HAL_Driver/Src/stm32f1xx_hal_tim.o
                0x08000f18                TIM_Base_SetConfig
 .text.HAL_TIM_Base_Init
                0x08000f80       0x38 Drivers/STM32F1xx_HAL_Driver/Src/stm32f1xx_hal_tim.o
                0x08000f80                HAL_TIM_Base_Init
 .text.HAL_TIMEx_CommutationCallback
                0x08000fb8        0x4 Drivers/STM32F1xx_HAL_Driver/Src/stm32f1xx_hal_tim_ex.o
                0x08000fb8                HAL_TIMEx_CommutationCallback
 .text.HAL_TIMEx_BreakCallback
                0x08000fbc        0x4 Drivers/STM32F1xx_HAL_Driver/Src/stm32f1xx_hal_tim_ex.o
                0x08000fbc                HAL_TIMEx_BreakCallback
 .text.makeFreeRtosPriority
                0x08000fc0        0xc Middlewares/Third_Party/FreeRTOS/Source/CMSIS_RTOS/cmsis_os.o
 .text.inHandlerMode
                0x08000fcc        0xc Middlewares/Third_Party/FreeRTOS/Source/CMSIS_RTOS/cmsis_os.o
 .text.osKernelStart
                0x08000fd8        0xc Middlewares/Third_Party/FreeRTOS/Source/CMSIS_RTOS/cmsis_os.o
                0x08000fd8                osKernelStart
 .text.osThreadCreate
                0x08000fe4       0x3c Middlewares/Third_Party/FreeRTOS/Source/CMSIS_RTOS/cmsis_os.o
                0x08000fe4                osThreadCreate
 .text.osDelay  0x08001020       0x10 Middlewares/Third_Party/FreeRTOS/Source/CMSIS_RTOS/cmsis_os.o
                0x08001020                osDelay
 .text.osMutexCreate
                0x08001030        0xc Middlewares/Third_Party/FreeRTOS/Source/CMSIS_RTOS/cmsis_os.o
                0x08001030                osMutexCreate
 .text.osMutexWait
                0x0800103c       0x68 Middlewares/Third_Party/FreeRTOS/Source/CMSIS_RTOS/cmsis_os.o
                0x0800103c                osMutexWait
 .text.osMutexRelease
                0x080010a4       0x54 Middlewares/Third_Party/FreeRTOS/Source/CMSIS_RTOS/cmsis_os.o
                0x080010a4                osMutexRelease
 .text.osSemaphoreCreate
                0x080010f8       0x2c Middlewares/Third_Party/FreeRTOS/Source/CMSIS_RTOS/cmsis_os.o
                0x080010f8                osSemaphoreCreate
 .text.osSemaphoreRelease
                0x08001124       0x54 Middlewares/Third_Party/FreeRTOS/Source/CMSIS_RTOS/cmsis_os.o
                0x08001124                osSemaphoreRelease
 .text.osSystickHandler
                0x08001178       0x10 Middlewares/Third_Party/FreeRTOS/Source/CMSIS_RTOS/cmsis_os.o
                0x08001178                osSystickHandler
 .text.vListInitialise
                0x08001188       0x18 Middlewares/Third_Party/FreeRTOS/Source/list.o
                0x08001188                vListInitialise
 .text.vListInitialiseItem
                0x080011a0        0x8 Middlewares/Third_Party/FreeRTOS/Source/list.o
                0x080011a0                vListInitialiseItem
 .text.vListInsertEnd
                0x080011a8       0x18 Middlewares/Third_Party/FreeRTOS/Source/list.o
                0x080011a8                vListInsertEnd
 .text.vListInsert
                0x080011c0       0x34 Middlewares/Third_Party/FreeRTOS/Source/list.o
                0x080011c0                vListInsert
 .text.uxListRemove
                0x080011f4       0x24 Middlewares/Third_Party/FreeRTOS/Source/list.o
                0x080011f4                uxListRemove
 .text.prvIsQueueFull
                0x08001218       0x20 Middlewares/Third_Party/FreeRTOS/Source/queue.o
 .text.prvIsQueueEmpty
                0x08001238       0x1c Middlewares/Third_Party/FreeRTOS/Source/queue.o
 .text.prvCopyDataToQueue
                0x08001254       0x7c Middlewares/Third_Party/FreeRTOS/Source/queue.o
 .text.prvCopyDataFromQueue
                0x080012d0       0x24 Middlewares/Third_Party/FreeRTOS/Source/queue.o
 .text.prvUnlockQueue
                0x080012f4       0x64 Middlewares/Third_Party/FreeRTOS/Source/queue.o
 .text.xQueueGenericReset
                0x08001358       0x64 Middlewares/Third_Party/FreeRTOS/Source/queue.o
                0x08001358                xQueueGenericReset
 .text.xQueueGenericCreate
                0x080013bc       0x48 Middlewares/Third_Party/FreeRTOS/Source/queue.o
                0x080013bc                xQueueGenericCreate
 .text.xQueueCreateCountingSemaphore
                0x08001404       0x30 Middlewares/Third_Party/FreeRTOS/Source/queue.o
                0x08001404                xQueueCreateCountingSemaphore
 .text.xQueueGenericSend
                0x08001434      0x12c Middlewares/Third_Party/FreeRTOS/Source/queue.o
                0x08001434                xQueueGenericSend
 .text.xQueueCreateMutex
                0x08001560       0x44 Middlewares/Third_Party/FreeRTOS/Source/queue.o
                0x08001560                xQueueCreateMutex
 .text.xQueueGiveFromISR
                0x080015a4       0x8c Middlewares/Third_Party/FreeRTOS/Source/queue.o
                0x080015a4                xQueueGiveFromISR
 .text.xQueueGenericReceive
                0x08001630      0x13c Middlewares/Third_Party/FreeRTOS/Source/queue.o
                0x08001630                xQueueGenericReceive
 .text.xQueueReceiveFromISR
                0x0800176c       0x84 Middlewares/Third_Party/FreeRTOS/Source/queue.o
                0x0800176c                xQueueReceiveFromISR
 .text.prvResetNextTaskUnblockTime
                0x080017f0       0x2c Middlewares/Third_Party/FreeRTOS/Source/tasks.o
 .text.prvAllocateTCBAndStack
                0x0800181c       0x2c Middlewares/Third_Party/FreeRTOS/Source/tasks.o
 .text.prvDeleteTCB
                0x08001848       0x14 Middlewares/Third_Party/FreeRTOS/Source/tasks.o
 .text.prvInitialiseTCBVariables
                0x0800185c       0x50 Middlewares/Third_Party/FreeRTOS/Source/tasks.o
 .text.prvInitialiseTaskLists
                0x080018ac       0x58 Middlewares/Third_Party/FreeRTOS/Source/tasks.o
 .text.prvAddCurrentTaskToDelayedList
                0x08001904       0x44 Middlewares/Third_Party/FreeRTOS/Source/tasks.o
 .text.xTaskGenericCreate
                0x08001948      0x10c Middlewares/Third_Party/FreeRTOS/Source/tasks.o
                0x08001948                xTaskGenericCreate
 .text.vTaskStartScheduler
                0x08001a54       0x54 Middlewares/Third_Party/FreeRTOS/Source/tasks.o
                0x08001a54                vTaskStartScheduler
 .text.vTaskSuspendAll
                0x08001aa8       0x14 Middlewares/Third_Party/FreeRTOS/Source/tasks.o
                0x08001aa8                vTaskSuspendAll
 .text.xTaskIncrementTick
                0x08001abc      0x110 Middlewares/Third_Party/FreeRTOS/Source/tasks.o
                0x08001abc                xTaskIncrementTick
 .text.xTaskResumeAll
                0x08001bcc       0xdc Middlewares/Third_Party/FreeRTOS/Source/tasks.o
                0x08001bcc                xTaskResumeAll
 .text.vTaskDelay
                0x08001ca8       0x60 Middlewares/Third_Party/FreeRTOS/Source/tasks.o
                0x08001ca8                vTaskDelay
 .text.prvCheckTasksWaitingTermination
                0x08001d08       0x54 Middlewares/Third_Party/FreeRTOS/Source/tasks.o
 .text.prvIdleTask
                0x08001d5c       0x18 Middlewares/Third_Party/FreeRTOS/Source/tasks.o
 .text.vTaskSwitchContext
                0x08001d74       0x80 Middlewares/Third_Party/FreeRTOS/Source/tasks.o
                0x08001d74                vTaskSwitchContext
 .text.vTaskPlaceOnEventList
                0x08001df4       0x64 Middlewares/Third_Party/FreeRTOS/Source/tasks.o
                0x08001df4                vTaskPlaceOnEventList
 .text.xTaskRemoveFromEventList
                0x08001e58       0x7c Middlewares/Third_Party/FreeRTOS/Source/tasks.o
                0x08001e58                xTaskRemoveFromEventList
 .text.vTaskSetTimeOutState
                0x08001ed4       0x20 Middlewares/Third_Party/FreeRTOS/Source/tasks.o
                0x08001ed4                vTaskSetTimeOutState
 .text.xTaskCheckForTimeOut
                0x08001ef4       0x68 Middlewares/Third_Party/FreeRTOS/Source/tasks.o
                0x08001ef4                xTaskCheckForTimeOut
 .text.vTaskMissedYield
                0x08001f5c       0x10 Middlewares/Third_Party/FreeRTOS/Source/tasks.o
                0x08001f5c                vTaskMissedYield
 .text.xTaskGetSchedulerState
                0x08001f6c       0x20 Middlewares/Third_Party/FreeRTOS/Source/tasks.o
                0x08001f6c                xTaskGetSchedulerState
 .text.vTaskPriorityInherit
                0x08001f8c       0xb4 Middlewares/Third_Party/FreeRTOS/Source/tasks.o
                0x08001f8c                vTaskPriorityInherit
 .text.xTaskPriorityDisinherit
                0x08002040       0x9c Middlewares/Third_Party/FreeRTOS/Source/tasks.o
                0x08002040                xTaskPriorityDisinherit
 .text.pvTaskIncrementMutexHeldCount
                0x080020dc       0x20 Middlewares/Third_Party/FreeRTOS/Source/tasks.o
                0x080020dc                pvTaskIncrementMutexHeldCount
 .text.prvPortStartFirstTask
                0x080020fc       0x20 Middlewares/Third_Party/FreeRTOS/Source/portable/GCC/ARM_CM3/port.o
 .text.pxPortInitialiseStack
                0x0800211c       0x20 Middlewares/Third_Party/FreeRTOS/Source/portable/GCC/ARM_CM3/port.o
                0x0800211c                pxPortInitialiseStack
 .text.SVC_Handler
                0x0800213c       0x24 Middlewares/Third_Party/FreeRTOS/Source/portable/GCC/ARM_CM3/port.o
                0x0800213c                SVC_Handler
 .text.vPortYield
                0x08002160       0x18 Middlewares/Third_Party/FreeRTOS/Source/portable/GCC/ARM_CM3/port.o
                0x08002160                vPortYield
 .text.ulPortSetInterruptMask
                0x08002178       0x10 Middlewares/Third_Party/FreeRTOS/Source/portable/GCC/ARM_CM3/port.o
                0x08002178                ulPortSetInterruptMask
 .text.prvTaskExitError
                0x08002188       0x1c Middlewares/Third_Party/FreeRTOS/Source/portable/GCC/ARM_CM3/port.o
 .text.vPortEnterCritical
                0x080021a4       0x34 Middlewares/Third_Party/FreeRTOS/Source/portable/GCC/ARM_CM3/port.o
                0x080021a4                vPortEnterCritical
 .text.vPortClearInterruptMask
                0x080021d8        0x8 Middlewares/Third_Party/FreeRTOS/Source/portable/GCC/ARM_CM3/port.o
                0x080021d8                vPortClearInterruptMask
 .text.vPortExitCritical
                0x080021e0       0x24 Middlewares/Third_Party/FreeRTOS/Source/portable/GCC/ARM_CM3/port.o
                0x080021e0                vPortExitCritical
 .text.PendSV_Handler
                0x08002204       0x44 Middlewares/Third_Party/FreeRTOS/Source/portable/GCC/ARM_CM3/port.o
                0x08002204                PendSV_Handler
 .text.xPortSysTickHandler
                0x08002248       0x20 Middlewares/Third_Party/FreeRTOS/Source/portable/GCC/ARM_CM3/port.o
                0x08002248                xPortSysTickHandler
 .text.vPortSetupTimerInterrupt
                0x08002268       0x2c Middlewares/Third_Party/FreeRTOS/Source/portable/GCC/ARM_CM3/port.o
                0x08002268                vPortSetupTimerInterrupt
 .text.xPortStartScheduler
                0x08002294       0x90 Middlewares/Third_Party/FreeRTOS/Source/portable/GCC/ARM_CM3/port.o
                0x08002294                xPortStartScheduler
 .text.vPortValidateInterruptPriority
                0x08002324       0x44 Middlewares/Third_Party/FreeRTOS/Source/portable/GCC/ARM_CM3/port.o
                0x08002324                vPortValidateInterruptPriority
 .text.prvHeapInit
                0x08002368       0x58 Middlewares/Third_Party/FreeRTOS/Source/portable/MemMang/heap_4.o
 .text.prvInsertBlockIntoFreeList
                0x080023c0       0x58 Middlewares/Third_Party/FreeRTOS/Source/portable/MemMang/heap_4.o
 .text.pvPortMalloc
                0x08002418       0xe8 Middlewares/Third_Party/FreeRTOS/Source/portable/MemMang/heap_4.o
                0x08002418                pvPortMalloc
 .text.vPortFree
                0x08002500       0x60 Middlewares/Third_Party/FreeRTOS/Source/portable/MemMang/heap_4.o
                0x08002500                vPortFree
 .text.MX_GPIO_Init
                0x08002560       0xc8 Src/main.o
 .text.StartDefaultTask
                0x08002628        0xc Src/main.o
                0x08002628                StartDefaultTask
 .text.StartTask01
                0x08002634       0x44 Src/main.o
                0x08002634                StartTask01
 .text.StartTask02
                0x08002678       0x50 Src/main.o
                0x08002678                StartTask02
 .text.HAL_TIM_PeriodElapsedCallback
                0x080026c8       0x14 Src/main.o
                0x080026c8                HAL_TIM_PeriodElapsedCallback
 .text._Error_Handler
                0x080026dc        0x4 Src/main.o
                0x080026dc                _Error_Handler
 .text.SystemClock_Config
                0x080026e0       0x88 Src/main.o
                0x080026e0                SystemClock_Config
 .text.main     0x08002768       0xb8 Src/main.o
                0x08002768                main
 .text.HAL_MspInit
                0x08002820       0x90 Src/stm32f1xx_hal_msp.o
                0x08002820                HAL_MspInit
 .text.HAL_InitTick
                0x080028b0       0x7c Src/stm32f1xx_hal_timebase_TIM.o
                0x080028b0                HAL_InitTick
 .text.NMI_Handler
                0x0800292c        0x4 Src/stm32f1xx_it.o
                0x0800292c                NMI_Handler
 .text.HardFault_Handler
                0x08002930        0x4 Src/stm32f1xx_it.o
                0x08002930                HardFault_Handler
 .text.MemManage_Handler
                0x08002934        0x4 Src/stm32f1xx_it.o
                0x08002934                MemManage_Handler
 .text.BusFault_Handler
                0x08002938        0x4 Src/stm32f1xx_it.o
                0x08002938                BusFault_Handler
 .text.UsageFault_Handler
                0x0800293c        0x4 Src/stm32f1xx_it.o
                0x0800293c                UsageFault_Handler
 .text.DebugMon_Handler
                0x08002940        0x4 Src/stm32f1xx_it.o
                0x08002940                DebugMon_Handler
 .text.SysTick_Handler
                0x08002944        0x8 Src/stm32f1xx_it.o
                0x08002944                SysTick_Handler
 .text.TIM3_IRQHandler
                0x0800294c       0x10 Src/stm32f1xx_it.o
                0x0800294c                TIM3_IRQHandler
 .text.SystemInit
                0x0800295c       0x4c Src/system_stm32f1xx.o
                0x0800295c                SystemInit
 .text.Reset_Handler
                0x080029a8       0x48 startup/startup_stm32f103xb.o
                0x080029a8                Reset_Handler
 .text.Default_Handler
                0x080029f0        0x2 startup/startup_stm32f103xb.o
                0x080029f0                RTC_Alarm_IRQHandler
                0x080029f0                EXTI2_IRQHandler
                0x080029f0                TIM1_CC_IRQHandler
                0x080029f0                PVD_IRQHandler
                0x080029f0                EXTI3_IRQHandler
                0x080029f0                EXTI0_IRQHandler
                0x080029f0                I2C2_EV_IRQHandler
                0x080029f0                ADC1_2_IRQHandler
                0x080029f0                SPI1_IRQHandler
                0x080029f0                TAMPER_IRQHandler
                0x080029f0                DMA1_Channel4_IRQHandler
                0x080029f0                USART3_IRQHandler
                0x080029f0                RTC_IRQHandler
                0x080029f0                DMA1_Channel7_IRQHandler
                0x080029f0                CAN1_RX1_IRQHandler
                0x080029f0                TIM4_IRQHandler
                0x080029f0                I2C1_EV_IRQHandler
                0x080029f0                DMA1_Channel6_IRQHandler
                0x080029f0                RCC_IRQHandler
                0x080029f0                TIM1_TRG_COM_IRQHandler
                0x080029f0                DMA1_Channel1_IRQHandler
                0x080029f0                Default_Handler
                0x080029f0                EXTI15_10_IRQHandler
                0x080029f0                EXTI9_5_IRQHandler
                0x080029f0                SPI2_IRQHandler
                0x080029f0                DMA1_Channel5_IRQHandler
                0x080029f0                EXTI4_IRQHandler
                0x080029f0                USB_LP_CAN1_RX0_IRQHandler
                0x080029f0                USB_HP_CAN1_TX_IRQHandler
                0x080029f0                DMA1_Channel3_IRQHandler
                0x080029f0                TIM1_UP_IRQHandler
                0x080029f0                WWDG_IRQHandler
                0x080029f0                TIM2_IRQHandler
                0x080029f0                TIM1_BRK_IRQHandler
                0x080029f0                EXTI1_IRQHandler
                0x080029f0                USART2_IRQHandler
                0x080029f0                I2C2_ER_IRQHandler
                0x080029f0                DMA1_Channel2_IRQHandler
                0x080029f0                CAN1_SCE_IRQHandler
                0x080029f0                FLASH_IRQHandler
                0x080029f0                USART1_IRQHandler
                0x080029f0                I2C1_ER_IRQHandler
                0x080029f0                USBWakeUp_IRQHandler
 *fill*         0x080029f2        0x2 
 .text.__libc_init_array
                0x080029f4       0x4c c:/ac6/systemworkbench/plugins/fr.ac6.mcu.externaltools.arm-none.win32_1.13.2.201705091103/tools/compiler/bin/../lib/gcc/arm-none-eabi/5.4.1/../../../../arm-none-eabi/lib/armv7-m\libc_nano.a(lib_a-init.o)
                0x080029f4                __libc_init_array
 .text.memcpy   0x08002a40       0x16 c:/ac6/systemworkbench/plugins/fr.ac6.mcu.externaltools.arm-none.win32_1.13.2.201705091103/tools/compiler/bin/../lib/gcc/arm-none-eabi/5.4.1/../../../../arm-none-eabi/lib/armv7-m\libc_nano.a(lib_a-memcpy-stub.o)
                0x08002a40                memcpy
 *(.glue_7)
 .glue_7        0x08002a56        0x0 linker stubs
 *(.glue_7t)
 .glue_7t       0x08002a56        0x0 linker stubs
 *(.eh_frame)
 *fill*         0x08002a56        0x2 
 .eh_frame      0x08002a58        0x0 c:/ac6/systemworkbench/plugins/fr.ac6.mcu.externaltools.arm-none.win32_1.13.2.201705091103/tools/compiler/bin/../lib/gcc/arm-none-eabi/5.4.1/armv7-m/crtbegin.o
 *(.init)
 .init          0x08002a58        0x4 c:/ac6/systemworkbench/plugins/fr.ac6.mcu.externaltools.arm-none.win32_1.13.2.201705091103/tools/compiler/bin/../lib/gcc/arm-none-eabi/5.4.1/armv7-m/crti.o
                0x08002a58                _init
 .init          0x08002a5c        0x8 c:/ac6/systemworkbench/plugins/fr.ac6.mcu.externaltools.arm-none.win32_1.13.2.201705091103/tools/compiler/bin/../lib/gcc/arm-none-eabi/5.4.1/armv7-m/crtn.o
 *(.fini)
 .fini          0x08002a64        0x4 c:/ac6/systemworkbench/plugins/fr.ac6.mcu.externaltools.arm-none.win32_1.13.2.201705091103/tools/compiler/bin/../lib/gcc/arm-none-eabi/5.4.1/armv7-m/crti.o
                0x08002a64                _fini
 .fini          0x08002a68        0x8 c:/ac6/systemworkbench/plugins/fr.ac6.mcu.externaltools.arm-none.win32_1.13.2.201705091103/tools/compiler/bin/../lib/gcc/arm-none-eabi/5.4.1/armv7-m/crtn.o
                0x08002a70                . = ALIGN (0x4)
                0x08002a70                _etext = .

.vfp11_veneer   0x08002a70        0x0
 .vfp11_veneer  0x08002a70        0x0 linker stubs

.v4_bx          0x08002a70        0x0
 .v4_bx         0x08002a70        0x0 linker stubs

.iplt           0x08002a70        0x0
 .iplt          0x08002a70        0x0 c:/ac6/systemworkbench/plugins/fr.ac6.mcu.externaltools.arm-none.win32_1.13.2.201705091103/tools/compiler/bin/../lib/gcc/arm-none-eabi/5.4.1/armv7-m/crtbegin.o

.rodata         0x08002a70       0x9c
                0x08002a70                . = ALIGN (0x4)
 *(.rodata)
 .rodata        0x08002a70       0x12 Drivers/STM32F1xx_HAL_Driver/Src/stm32f1xx_hal_rcc.o
 *fill*         0x08002a82        0x2 
 .rodata        0x08002a84       0x3c Src/main.o
 .rodata        0x08002ac0       0x18 Src/system_stm32f1xx.o
                0x08002ac0                AHBPrescTable
                0x08002ad0                APBPrescTable
 *(.rodata*)
 .rodata.str1.4
                0x08002ad8        0x5 Middlewares/Third_Party/FreeRTOS/Source/tasks.o
 *fill*         0x08002add        0x3 
 .rodata.str1.4
                0x08002ae0       0x2c Src/main.o
                0x08002b0c                . = ALIGN (0x4)

.rel.dyn        0x08002b0c        0x0
 .rel.iplt      0x08002b0c        0x0 c:/ac6/systemworkbench/plugins/fr.ac6.mcu.externaltools.arm-none.win32_1.13.2.201705091103/tools/compiler/bin/../lib/gcc/arm-none-eabi/5.4.1/armv7-m/crtbegin.o

.ARM.extab
 *(.ARM.extab* .gnu.linkonce.armextab.*)

.ARM            0x08002b0c        0x0
                0x08002b0c                __exidx_start = .
 *(.ARM.exidx*)
                0x08002b0c                __exidx_end = .

.preinit_array  0x08002b0c        0x0
                0x08002b0c                PROVIDE (__preinit_array_start, .)
 *(.preinit_array*)
                0x08002b0c                PROVIDE (__preinit_array_end, .)

.init_array     0x08002b0c        0x4
                0x08002b0c                PROVIDE (__init_array_start, .)
 *(SORT(.init_array.*))
 *(.init_array*)
 .init_array    0x08002b0c        0x4 c:/ac6/systemworkbench/plugins/fr.ac6.mcu.externaltools.arm-none.win32_1.13.2.201705091103/tools/compiler/bin/../lib/gcc/arm-none-eabi/5.4.1/armv7-m/crtbegin.o
                0x08002b10                PROVIDE (__init_array_end, .)

.fini_array     0x08002b10        0x4
                [!provide]                PROVIDE (__fini_array_start, .)
 *(SORT(.fini_array.*))
 *(.fini_array*)
 .fini_array    0x08002b10        0x4 c:/ac6/systemworkbench/plugins/fr.ac6.mcu.externaltools.arm-none.win32_1.13.2.201705091103/tools/compiler/bin/../lib/gcc/arm-none-eabi/5.4.1/armv7-m/crtbegin.o
                [!provide]                PROVIDE (__fini_array_end, .)
                0x08002b14                _sidata = LOADADDR (.data)

.data           0x20000000        0x8 load address 0x08002b14
                0x20000000                . = ALIGN (0x4)
                0x20000000                _sdata = .
 *(.data)
 .data          0x20000000        0x4 Middlewares/Third_Party/FreeRTOS/Source/portable/GCC/ARM_CM3/port.o
 .data          0x20000004        0x4 Src/system_stm32f1xx.o
                0x20000004                SystemCoreClock
 *(.data*)
                0x20000008                . = ALIGN (0x4)
                0x20000008                _edata = .

.jcr            0x20000008        0x0 load address 0x08002b1c
 .jcr           0x20000008        0x0 c:/ac6/systemworkbench/plugins/fr.ac6.mcu.externaltools.arm-none.win32_1.13.2.201705091103/tools/compiler/bin/../lib/gcc/arm-none-eabi/5.4.1/armv7-m/crtbegin.o

.igot.plt       0x20000008        0x0 load address 0x08002b1c
 .igot.plt      0x20000008        0x0 c:/ac6/systemworkbench/plugins/fr.ac6.mcu.externaltools.arm-none.win32_1.13.2.201705091103/tools/compiler/bin/../lib/gcc/arm-none-eabi/5.4.1/armv7-m/crtbegin.o
                0x20000008                . = ALIGN (0x4)

.bss            0x20000008     0x19bc load address 0x08002b1c
                0x20000008                _sbss = .
                0x20000008                __bss_start__ = _sbss
 *(.bss)
 .bss           0x20000008       0x1c c:/ac6/systemworkbench/plugins/fr.ac6.mcu.externaltools.arm-none.win32_1.13.2.201705091103/tools/compiler/bin/../lib/gcc/arm-none-eabi/5.4.1/armv7-m/crtbegin.o
 .bss           0x20000024        0x4 Drivers/STM32F1xx_HAL_Driver/Src/stm32f1xx_hal.o
 .bss           0x20000028      0x128 Middlewares/Third_Party/FreeRTOS/Source/tasks.o
                0x20000124                pxCurrentTCB
 .bss           0x20000150        0x8 Middlewares/Third_Party/FreeRTOS/Source/portable/GCC/ARM_CM3/port.o
 .bss           0x20000158     0x1818 Middlewares/Third_Party/FreeRTOS/Source/portable/MemMang/heap_4.o
 *(.bss*)
 *(COMMON)
 COMMON         0x20001970       0x18 Src/main.o
                0x20001970                defaultTaskHandle
                0x20001974                task01Handle
                0x20001978                ItemSemaphoreHandle
                0x2000197c                task02Handle
                0x20001980                SlotSemaphoreHandle
                0x20001984                QueueMutexHandle
 COMMON         0x20001988       0x3c Src/stm32f1xx_hal_timebase_TIM.o
                0x20001988                htim3
                0x200019c4                . = ALIGN (0x4)
                0x200019c4                _ebss = .
                0x200019c4                __bss_end__ = _ebss

._user_heap_stack
                0x200019c4      0x604 load address 0x08002b1c
                0x200019c8                . = ALIGN (0x8)
 *fill*         0x200019c4        0x4 
                [!provide]                PROVIDE (end, .)
                [!provide]                PROVIDE (_end, .)
                0x20001bc8                . = (. + _Min_Heap_Size)
 *fill*         0x200019c8      0x200 
                0x20001fc8                . = (. + _Min_Stack_Size)
 *fill*         0x20001bc8      0x400 
                0x20001fc8                . = ALIGN (0x8)

/DISCARD/
 libc.a(*)
 libm.a(*)
 libgcc.a(*)

.ARM.attributes
                0x00000000       0x29
 *(.ARM.attributes)
 .ARM.attributes
                0x00000000       0x1d c:/ac6/systemworkbench/plugins/fr.ac6.mcu.externaltools.arm-none.win32_1.13.2.201705091103/tools/compiler/bin/../lib/gcc/arm-none-eabi/5.4.1/armv7-m/crti.o
 .ARM.attributes
                0x0000001d       0x2d c:/ac6/systemworkbench/plugins/fr.ac6.mcu.externaltools.arm-none.win32_1.13.2.201705091103/tools/compiler/bin/../lib/gcc/arm-none-eabi/5.4.1/armv7-m/crtbegin.o
 .ARM.attributes
                0x0000004a       0x33 Drivers/STM32F1xx_HAL_Driver/Src/stm32f1xx_hal.o
 .ARM.attributes
                0x0000007d       0x33 Drivers/STM32F1xx_HAL_Driver/Src/stm32f1xx_hal_cortex.o
 .ARM.attributes
                0x000000b0       0x33 Drivers/STM32F1xx_HAL_Driver/Src/stm32f1xx_hal_gpio.o
 .ARM.attributes
                0x000000e3       0x33 Drivers/STM32F1xx_HAL_Driver/Src/stm32f1xx_hal_rcc.o
 .ARM.attributes
                0x00000116       0x33 Drivers/STM32F1xx_HAL_Driver/Src/stm32f1xx_hal_tim.o
 .ARM.attributes
                0x00000149       0x33 Drivers/STM32F1xx_HAL_Driver/Src/stm32f1xx_hal_tim_ex.o
 .ARM.attributes
                0x0000017c       0x33 Middlewares/Third_Party/FreeRTOS/Source/CMSIS_RTOS/cmsis_os.o
 .ARM.attributes
                0x000001af       0x33 Middlewares/Third_Party/FreeRTOS/Source/list.o
 .ARM.attributes
                0x000001e2       0x33 Middlewares/Third_Party/FreeRTOS/Source/queue.o
 .ARM.attributes
                0x00000215       0x33 Middlewares/Third_Party/FreeRTOS/Source/tasks.o
 .ARM.attributes
                0x00000248       0x33 Middlewares/Third_Party/FreeRTOS/Source/portable/GCC/ARM_CM3/port.o
 .ARM.attributes
                0x0000027b       0x33 Middlewares/Third_Party/FreeRTOS/Source/portable/MemMang/heap_4.o
 .ARM.attributes
                0x000002ae       0x33 Src/main.o
 .ARM.attributes
                0x000002e1       0x33 Src/stm32f1xx_hal_msp.o
 .ARM.attributes
                0x00000314       0x33 Src/stm32f1xx_hal_timebase_TIM.o
 .ARM.attributes
                0x00000347       0x33 Src/stm32f1xx_it.o
 .ARM.attributes
                0x0000037a       0x33 Src/system_stm32f1xx.o
 .ARM.attributes
                0x000003ad       0x21 startup/startup_stm32f103xb.o
 .ARM.attributes
                0x000003ce       0x2d c:/ac6/systemworkbench/plugins/fr.ac6.mcu.externaltools.arm-none.win32_1.13.2.201705091103/tools/compiler/bin/../lib/gcc/arm-none-eabi/5.4.1/../../../../arm-none-eabi/lib/armv7-m\libc_nano.a(lib_a-init.o)
 .ARM.attributes
                0x000003fb       0x2d c:/ac6/systemworkbench/plugins/fr.ac6.mcu.externaltools.arm-none.win32_1.13.2.201705091103/tools/compiler/bin/../lib/gcc/arm-none-eabi/5.4.1/../../../../arm-none-eabi/lib/armv7-m\libc_nano.a(lib_a-memcpy-stub.o)
 .ARM.attributes
                0x00000428       0x1d c:/ac6/systemworkbench/plugins/fr.ac6.mcu.externaltools.arm-none.win32_1.13.2.201705091103/tools/compiler/bin/../lib/gcc/arm-none-eabi/5.4.1/armv7-m/crtn.o
OUTPUT(FreeRTOS.elf elf32-littlearm)

.debug_info     0x00000000     0xe7ae
 .debug_info    0x00000000      0x699 Drivers/STM32F1xx_HAL_Driver/Src/stm32f1xx_hal.o
 .debug_info    0x00000699      0xc33 Drivers/STM32F1xx_HAL_Driver/Src/stm32f1xx_hal_cortex.o
 .debug_info    0x000012cc      0x608 Drivers/STM32F1xx_HAL_Driver/Src/stm32f1xx_hal_gpio.o
 .debug_info    0x000018d4     0x12ab Drivers/STM32F1xx_HAL_Driver/Src/stm32f1xx_hal_rcc.o
 .debug_info    0x00002b7f     0x2d8a Drivers/STM32F1xx_HAL_Driver/Src/stm32f1xx_hal_tim.o
 .debug_info    0x00005909     0x11e6 Drivers/STM32F1xx_HAL_Driver/Src/stm32f1xx_hal_tim_ex.o
 .debug_info    0x00006aef     0x19e5 Middlewares/Third_Party/FreeRTOS/Source/CMSIS_RTOS/cmsis_os.o
 .debug_info    0x000084d4      0x2a5 Middlewares/Third_Party/FreeRTOS/Source/list.o
 .debug_info    0x00008779     0x13ae Middlewares/Third_Party/FreeRTOS/Source/queue.o
 .debug_info    0x00009b27     0x1d3e Middlewares/Third_Party/FreeRTOS/Source/tasks.o
 .debug_info    0x0000b865      0x3ed Middlewares/Third_Party/FreeRTOS/Source/portable/GCC/ARM_CM3/port.o
 .debug_info    0x0000bc52      0x3b3 Middlewares/Third_Party/FreeRTOS/Source/portable/MemMang/heap_4.o
 .debug_info    0x0000c005     0x1096 Src/main.o
 .debug_info    0x0000d09b      0x43a Src/stm32f1xx_hal_msp.o
 .debug_info    0x0000d4d5      0x8d1 Src/stm32f1xx_hal_timebase_TIM.o
 .debug_info    0x0000dda6      0x5ad Src/stm32f1xx_it.o
 .debug_info    0x0000e353      0x3eb Src/system_stm32f1xx.o
 .debug_info    0x0000e73e       0x70 startup/startup_stm32f103xb.o

.debug_abbrev   0x00000000     0x215a
 .debug_abbrev  0x00000000      0x21f Drivers/STM32F1xx_HAL_Driver/Src/stm32f1xx_hal.o
 .debug_abbrev  0x0000021f      0x2bd Drivers/STM32F1xx_HAL_Driver/Src/stm32f1xx_hal_cortex.o
 .debug_abbrev  0x000004dc      0x1cd Drivers/STM32F1xx_HAL_Driver/Src/stm32f1xx_hal_gpio.o
 .debug_abbrev  0x000006a9      0x287 Drivers/STM32F1xx_HAL_Driver/Src/stm32f1xx_hal_rcc.o
 .debug_abbrev  0x00000930      0x22a Drivers/STM32F1xx_HAL_Driver/Src/stm32f1xx_hal_tim.o
 .debug_abbrev  0x00000b5a      0x21b Drivers/STM32F1xx_HAL_Driver/Src/stm32f1xx_hal_tim_ex.o
 .debug_abbrev  0x00000d75      0x2ac Middlewares/Third_Party/FreeRTOS/Source/CMSIS_RTOS/cmsis_os.o
 .debug_abbrev  0x00001021       0xdf Middlewares/Third_Party/FreeRTOS/Source/list.o
 .debug_abbrev  0x00001100      0x1d8 Middlewares/Third_Party/FreeRTOS/Source/queue.o
 .debug_abbrev  0x000012d8      0x29b Middlewares/Third_Party/FreeRTOS/Source/tasks.o
 .debug_abbrev  0x00001573      0x1ff Middlewares/Third_Party/FreeRTOS/Source/portable/GCC/ARM_CM3/port.o
 .debug_abbrev  0x00001772      0x1ce Middlewares/Third_Party/FreeRTOS/Source/portable/MemMang/heap_4.o
 .debug_abbrev  0x00001940      0x261 Src/main.o
 .debug_abbrev  0x00001ba1      0x126 Src/stm32f1xx_hal_msp.o
 .debug_abbrev  0x00001cc7      0x1d4 Src/stm32f1xx_hal_timebase_TIM.o
 .debug_abbrev  0x00001e9b      0x188 Src/stm32f1xx_it.o
 .debug_abbrev  0x00002023      0x125 Src/system_stm32f1xx.o
 .debug_abbrev  0x00002148       0x12 startup/startup_stm32f103xb.o

.debug_loc      0x00000000     0x940a
 .debug_loc     0x00000000       0x81 Drivers/STM32F1xx_HAL_Driver/Src/stm32f1xx_hal.o
 .debug_loc     0x00000081      0x527 Drivers/STM32F1xx_HAL_Driver/Src/stm32f1xx_hal_cortex.o
 .debug_loc     0x000005a8      0x377 Drivers/STM32F1xx_HAL_Driver/Src/stm32f1xx_hal_gpio.o
 .debug_loc     0x0000091f      0x8e9 Drivers/STM32F1xx_HAL_Driver/Src/stm32f1xx_hal_rcc.o
 .debug_loc     0x00001208     0x32a5 Drivers/STM32F1xx_HAL_Driver/Src/stm32f1xx_hal_tim.o
 .debug_loc     0x000044ad      0xbdb Drivers/STM32F1xx_HAL_Driver/Src/stm32f1xx_hal_tim_ex.o
 .debug_loc     0x00005088      0xf47 Middlewares/Third_Party/FreeRTOS/Source/CMSIS_RTOS/cmsis_os.o
 .debug_loc     0x00005fcf       0x65 Middlewares/Third_Party/FreeRTOS/Source/list.o
 .debug_loc     0x00006034     0x16c6 Middlewares/Third_Party/FreeRTOS/Source/queue.o
 .debug_loc     0x000076fa     0x17de Middlewares/Third_Party/FreeRTOS/Source/tasks.o
 .debug_loc     0x00008ed8       0xa6 Middlewares/Third_Party/FreeRTOS/Source/portable/GCC/ARM_CM3/port.o
 .debug_loc     0x00008f7e      0x27b Middlewares/Third_Party/FreeRTOS/Source/portable/MemMang/heap_4.o
 .debug_loc     0x000091f9       0xb9 Src/main.o
 .debug_loc     0x000092b2       0x79 Src/stm32f1xx_hal_timebase_TIM.o
 .debug_loc     0x0000932b       0xdf Src/system_stm32f1xx.o

.debug_aranges  0x00000000      0xd48
 .debug_aranges
                0x00000000       0xb0 Drivers/STM32F1xx_HAL_Driver/Src/stm32f1xx_hal.o
 .debug_aranges
                0x000000b0       0x90 Drivers/STM32F1xx_HAL_Driver/Src/stm32f1xx_hal_cortex.o
 .debug_aranges
                0x00000140       0x58 Drivers/STM32F1xx_HAL_Driver/Src/stm32f1xx_hal_gpio.o
 .debug_aranges
                0x00000198       0x88 Drivers/STM32F1xx_HAL_Driver/Src/stm32f1xx_hal_rcc.o
 .debug_aranges
                0x00000220      0x368 Drivers/STM32F1xx_HAL_Driver/Src/stm32f1xx_hal_tim.o
 .debug_aranges
                0x00000588      0x138 Drivers/STM32F1xx_HAL_Driver/Src/stm32f1xx_hal_tim_ex.o
 .debug_aranges
                0x000006c0      0x1b0 Middlewares/Third_Party/FreeRTOS/Source/CMSIS_RTOS/cmsis_os.o
 .debug_aranges
                0x00000870       0x40 Middlewares/Third_Party/FreeRTOS/Source/list.o
 .debug_aranges
                0x000008b0       0xe0 Middlewares/Third_Party/FreeRTOS/Source/queue.o
 .debug_aranges
                0x00000990      0x188 Middlewares/Third_Party/FreeRTOS/Source/tasks.o
 .debug_aranges
                0x00000b18       0x90 Middlewares/Third_Party/FreeRTOS/Source/portable/GCC/ARM_CM3/port.o
 .debug_aranges
                0x00000ba8       0x50 Middlewares/Third_Party/FreeRTOS/Source/portable/MemMang/heap_4.o
 .debug_aranges
                0x00000bf8       0x58 Src/main.o
 .debug_aranges
                0x00000c50       0x20 Src/stm32f1xx_hal_msp.o
 .debug_aranges
                0x00000c70       0x30 Src/stm32f1xx_hal_timebase_TIM.o
 .debug_aranges
                0x00000ca0       0x58 Src/stm32f1xx_it.o
 .debug_aranges
                0x00000cf8       0x28 Src/system_stm32f1xx.o
 .debug_aranges
                0x00000d20       0x28 startup/startup_stm32f103xb.o

.debug_ranges   0x00000000      0xc48
 .debug_ranges  0x00000000       0xa0 Drivers/STM32F1xx_HAL_Driver/Src/stm32f1xx_hal.o
 .debug_ranges  0x000000a0       0x80 Drivers/STM32F1xx_HAL_Driver/Src/stm32f1xx_hal_cortex.o
 .debug_ranges  0x00000120       0x48 Drivers/STM32F1xx_HAL_Driver/Src/stm32f1xx_hal_gpio.o
 .debug_ranges  0x00000168       0x78 Drivers/STM32F1xx_HAL_Driver/Src/stm32f1xx_hal_rcc.o
 .debug_ranges  0x000001e0      0x358 Drivers/STM32F1xx_HAL_Driver/Src/stm32f1xx_hal_tim.o
 .debug_ranges  0x00000538      0x128 Drivers/STM32F1xx_HAL_Driver/Src/stm32f1xx_hal_tim_ex.o
 .debug_ranges  0x00000660      0x1a0 Middlewares/Third_Party/FreeRTOS/Source/CMSIS_RTOS/cmsis_os.o
 .debug_ranges  0x00000800       0x30 Middlewares/Third_Party/FreeRTOS/Source/list.o
 .debug_ranges  0x00000830       0xd0 Middlewares/Third_Party/FreeRTOS/Source/queue.o
 .debug_ranges  0x00000900      0x190 Middlewares/Third_Party/FreeRTOS/Source/tasks.o
 .debug_ranges  0x00000a90       0x80 Middlewares/Third_Party/FreeRTOS/Source/portable/GCC/ARM_CM3/port.o
 .debug_ranges  0x00000b10       0x40 Middlewares/Third_Party/FreeRTOS/Source/portable/MemMang/heap_4.o
 .debug_ranges  0x00000b50       0x48 Src/main.o
 .debug_ranges  0x00000b98       0x10 Src/stm32f1xx_hal_msp.o
 .debug_ranges  0x00000ba8       0x20 Src/stm32f1xx_hal_timebase_TIM.o
 .debug_ranges  0x00000bc8       0x48 Src/stm32f1xx_it.o
 .debug_ranges  0x00000c10       0x18 Src/system_stm32f1xx.o
 .debug_ranges  0x00000c28       0x20 startup/startup_stm32f103xb.o

.debug_macro    0x00000000    0x1a4e2
 .debug_macro   0x00000000      0x2f4 Drivers/STM32F1xx_HAL_Driver/Src/stm32f1xx_hal.o
 .debug_macro   0x000002f4      0x880 Drivers/STM32F1xx_HAL_Driver/Src/stm32f1xx_hal.o
 .debug_macro   0x00000b74       0x34 Drivers/STM32F1xx_HAL_Driver/Src/stm32f1xx_hal.o
 .debug_macro   0x00000ba8      0x15b Drivers/STM32F1xx_HAL_Driver/Src/stm32f1xx_hal.o
 .debug_macro   0x00000d03       0x2e Drivers/STM32F1xx_HAL_Driver/Src/stm32f1xx_hal.o
 .debug_macro   0x00000d31       0x22 Drivers/STM32F1xx_HAL_Driver/Src/stm32f1xx_hal.o
 .debug_macro   0x00000d53       0x22 Drivers/STM32F1xx_HAL_Driver/Src/stm32f1xx_hal.o
 .debug_macro   0x00000d75       0x87 Drivers/STM32F1xx_HAL_Driver/Src/stm32f1xx_hal.o
 .debug_macro   0x00000dfc       0x44 Drivers/STM32F1xx_HAL_Driver/Src/stm32f1xx_hal.o
 .debug_macro   0x00000e40       0xfd Drivers/STM32F1xx_HAL_Driver/Src/stm32f1xx_hal.o
 .debug_macro   0x00000f3d       0x5e Drivers/STM32F1xx_HAL_Driver/Src/stm32f1xx_hal.o
 .debug_macro   0x00000f9b      0x1df Drivers/STM32F1xx_HAL_Driver/Src/stm32f1xx_hal.o
 .debug_macro   0x0000117a       0x34 Drivers/STM32F1xx_HAL_Driver/Src/stm32f1xx_hal.o
 .debug_macro   0x000011ae       0x34 Drivers/STM32F1xx_HAL_Driver/Src/stm32f1xx_hal.o
 .debug_macro   0x000011e2      0xb8e Drivers/STM32F1xx_HAL_Driver/Src/stm32f1xx_hal.o
 .debug_macro   0x00001d70     0xf2f7 Drivers/STM32F1xx_HAL_Driver/Src/stm32f1xx_hal.o
 .debug_macro   0x00011067       0x43 Drivers/STM32F1xx_HAL_Driver/Src/stm32f1xx_hal.o
 .debug_macro   0x000110aa     0x3383 Drivers/STM32F1xx_HAL_Driver/Src/stm32f1xx_hal.o
 .debug_macro   0x0001442d       0x52 Drivers/STM32F1xx_HAL_Driver/Src/stm32f1xx_hal.o
 .debug_macro   0x0001447f       0x35 Drivers/STM32F1xx_HAL_Driver/Src/stm32f1xx_hal.o
 .debug_macro   0x000144b4       0x9c Drivers/STM32F1xx_HAL_Driver/Src/stm32f1xx_hal.o
 .debug_macro   0x00014550       0x16 Drivers/STM32F1xx_HAL_Driver/Src/stm32f1xx_hal.o
 .debug_macro   0x00014566       0x97 Drivers/STM32F1xx_HAL_Driver/Src/stm32f1xx_hal.o
 .debug_macro   0x000145fd      0x30d Drivers/STM32F1xx_HAL_Driver/Src/stm32f1xx_hal.o
 .debug_macro   0x0001490a       0xfd Drivers/STM32F1xx_HAL_Driver/Src/stm32f1xx_hal.o
 .debug_macro   0x00014a07       0x10 Drivers/STM32F1xx_HAL_Driver/Src/stm32f1xx_hal.o
 .debug_macro   0x00014a17       0x52 Drivers/STM32F1xx_HAL_Driver/Src/stm32f1xx_hal.o
 .debug_macro   0x00014a69       0x1f Drivers/STM32F1xx_HAL_Driver/Src/stm32f1xx_hal.o
 .debug_macro   0x00014a88       0x43 Drivers/STM32F1xx_HAL_Driver/Src/stm32f1xx_hal.o
 .debug_macro   0x00014acb       0x20 Drivers/STM32F1xx_HAL_Driver/Src/stm32f1xx_hal.o
 .debug_macro   0x00014aeb      0x187 Drivers/STM32F1xx_HAL_Driver/Src/stm32f1xx_hal.o
 .debug_macro   0x00014c72       0x10 Drivers/STM32F1xx_HAL_Driver/Src/stm32f1xx_hal.o
 .debug_macro   0x00014c82       0x1c Drivers/STM32F1xx_HAL_Driver/Src/stm32f1xx_hal.o
 .debug_macro   0x00014c9e       0x52 Drivers/STM32F1xx_HAL_Driver/Src/stm32f1xx_hal.o
 .debug_macro   0x00014cf0       0x40 Drivers/STM32F1xx_HAL_Driver/Src/stm32f1xx_hal.o
 .debug_macro   0x00014d30       0x10 Drivers/STM32F1xx_HAL_Driver/Src/stm32f1xx_hal.o
 .debug_macro   0x00014d40       0x40 Drivers/STM32F1xx_HAL_Driver/Src/stm32f1xx_hal.o
 .debug_macro   0x00014d80       0xd7 Drivers/STM32F1xx_HAL_Driver/Src/stm32f1xx_hal.o
 .debug_macro   0x00014e57       0x16 Drivers/STM32F1xx_HAL_Driver/Src/stm32f1xx_hal.o
 .debug_macro   0x00014e6d      0x18b Drivers/STM32F1xx_HAL_Driver/Src/stm32f1xx_hal.o
 .debug_macro   0x00014ff8       0x50 Drivers/STM32F1xx_HAL_Driver/Src/stm32f1xx_hal.o
 .debug_macro   0x00015048      0x778 Drivers/STM32F1xx_HAL_Driver/Src/stm32f1xx_hal.o
 .debug_macro   0x000157c0      0x28b Drivers/STM32F1xx_HAL_Driver/Src/stm32f1xx_hal.o
 .debug_macro   0x00015a4b      0x141 Drivers/STM32F1xx_HAL_Driver/Src/stm32f1xx_hal.o
 .debug_macro   0x00015b8c      0x197 Drivers/STM32F1xx_HAL_Driver/Src/stm32f1xx_hal.o
 .debug_macro   0x00015d23      0x1ae Drivers/STM32F1xx_HAL_Driver/Src/stm32f1xx_hal.o
 .debug_macro   0x00015ed1       0x2d Drivers/STM32F1xx_HAL_Driver/Src/stm32f1xx_hal.o
 .debug_macro   0x00015efe       0x3c Drivers/STM32F1xx_HAL_Driver/Src/stm32f1xx_hal.o
 .debug_macro   0x00015f3a       0x57 Drivers/STM32F1xx_HAL_Driver/Src/stm32f1xx_hal.o
 .debug_macro   0x00015f91       0x8c Drivers/STM32F1xx_HAL_Driver/Src/stm32f1xx_hal.o
 .debug_macro   0x0001601d      0x242 Drivers/STM32F1xx_HAL_Driver/Src/stm32f1xx_hal.o
 .debug_macro   0x0001625f      0x143 Drivers/STM32F1xx_HAL_Driver/Src/stm32f1xx_hal.o
 .debug_macro   0x000163a2      0x83e Drivers/STM32F1xx_HAL_Driver/Src/stm32f1xx_hal.o
 .debug_macro   0x00016be0       0x11 Drivers/STM32F1xx_HAL_Driver/Src/stm32f1xx_hal.o
 .debug_macro   0x00016bf1       0x7c Drivers/STM32F1xx_HAL_Driver/Src/stm32f1xx_hal.o
 .debug_macro   0x00016c6d      0x2d0 Drivers/STM32F1xx_HAL_Driver/Src/stm32f1xx_hal_cortex.o
 .debug_macro   0x00016f3d      0x340 Drivers/STM32F1xx_HAL_Driver/Src/stm32f1xx_hal_gpio.o
 .debug_macro   0x0001727d      0x2f4 Drivers/STM32F1xx_HAL_Driver/Src/stm32f1xx_hal_rcc.o
 .debug_macro   0x00017571      0x2d1 Drivers/STM32F1xx_HAL_Driver/Src/stm32f1xx_hal_tim.o
 .debug_macro   0x00017842      0x2d0 Drivers/STM32F1xx_HAL_Driver/Src/stm32f1xx_hal_tim_ex.o
 .debug_macro   0x00017b12      0x1f4 Middlewares/Third_Party/FreeRTOS/Source/CMSIS_RTOS/cmsis_os.o
 .debug_macro   0x00017d06       0x4c Middlewares/Third_Party/FreeRTOS/Source/CMSIS_RTOS/cmsis_os.o
 .debug_macro   0x00017d52       0x8d Middlewares/Third_Party/FreeRTOS/Source/CMSIS_RTOS/cmsis_os.o
 .debug_macro   0x00017ddf      0x174 Middlewares/Third_Party/FreeRTOS/Source/CMSIS_RTOS/cmsis_os.o
 .debug_macro   0x00017f53       0x4a Middlewares/Third_Party/FreeRTOS/Source/CMSIS_RTOS/cmsis_os.o
 .debug_macro   0x00017f9d       0x10 Middlewares/Third_Party/FreeRTOS/Source/CMSIS_RTOS/cmsis_os.o
 .debug_macro   0x00017fad       0x35 Middlewares/Third_Party/FreeRTOS/Source/CMSIS_RTOS/cmsis_os.o
 .debug_macro   0x00017fe2       0x16 Middlewares/Third_Party/FreeRTOS/Source/CMSIS_RTOS/cmsis_os.o
 .debug_macro   0x00017ff8       0x26 Middlewares/Third_Party/FreeRTOS/Source/CMSIS_RTOS/cmsis_os.o
 .debug_macro   0x0001801e       0xcc Middlewares/Third_Party/FreeRTOS/Source/CMSIS_RTOS/cmsis_os.o
 .debug_macro   0x000180ea      0x15d Middlewares/Third_Party/FreeRTOS/Source/CMSIS_RTOS/cmsis_os.o
 .debug_macro   0x00018247       0xd9 Middlewares/Third_Party/FreeRTOS/Source/CMSIS_RTOS/cmsis_os.o
 .debug_macro   0x00018320       0x10 Middlewares/Third_Party/FreeRTOS/Source/CMSIS_RTOS/cmsis_os.o
 .debug_macro   0x00018330       0x1f Middlewares/Third_Party/FreeRTOS/Source/CMSIS_RTOS/cmsis_os.o
 .debug_macro   0x0001834f      0x3ed Middlewares/Third_Party/FreeRTOS/Source/CMSIS_RTOS/cmsis_os.o
 .debug_macro   0x0001873c       0xc0 Middlewares/Third_Party/FreeRTOS/Source/CMSIS_RTOS/cmsis_os.o
 .debug_macro   0x000187fc       0x9a Middlewares/Third_Party/FreeRTOS/Source/CMSIS_RTOS/cmsis_os.o
 .debug_macro   0x00018896       0x91 Middlewares/Third_Party/FreeRTOS/Source/CMSIS_RTOS/cmsis_os.o
 .debug_macro   0x00018927       0xb0 Middlewares/Third_Party/FreeRTOS/Source/CMSIS_RTOS/cmsis_os.o
 .debug_macro   0x000189d7       0x7f Middlewares/Third_Party/FreeRTOS/Source/CMSIS_RTOS/cmsis_os.o
 .debug_macro   0x00018a56       0x19 Middlewares/Third_Party/FreeRTOS/Source/CMSIS_RTOS/cmsis_os.o
 .debug_macro   0x00018a6f       0xcf Middlewares/Third_Party/FreeRTOS/Source/CMSIS_RTOS/cmsis_os.o
 .debug_macro   0x00018b3e      0x18b Middlewares/Third_Party/FreeRTOS/Source/list.o
 .debug_macro   0x00018cc9      0x207 Middlewares/Third_Party/FreeRTOS/Source/queue.o
 .debug_macro   0x00018ed0       0x16 Middlewares/Third_Party/FreeRTOS/Source/queue.o
 .debug_macro   0x00018ee6      0x243 Middlewares/Third_Party/FreeRTOS/Source/tasks.o
 .debug_macro   0x00019129       0x11 Middlewares/Third_Party/FreeRTOS/Source/tasks.o
 .debug_macro   0x0001913a      0x17e Middlewares/Third_Party/FreeRTOS/Source/portable/GCC/ARM_CM3/port.o
 .debug_macro   0x000192b8      0x1b2 Middlewares/Third_Party/FreeRTOS/Source/portable/MemMang/heap_4.o
 .debug_macro   0x0001946a      0x395 Src/main.o
 .debug_macro   0x000197ff       0xd2 Src/main.o
 .debug_macro   0x000198d1      0x2d0 Src/stm32f1xx_hal_msp.o
 .debug_macro   0x00019ba1      0x2d0 Src/stm32f1xx_hal_timebase_TIM.o
 .debug_macro   0x00019e71      0x39b Src/stm32f1xx_it.o
 .debug_macro   0x0001a20c      0x2d6 Src/system_stm32f1xx.o

.debug_line     0x00000000     0xa543
 .debug_line    0x00000000      0x88d Drivers/STM32F1xx_HAL_Driver/Src/stm32f1xx_hal.o
 .debug_line    0x0000088d      0x8c9 Drivers/STM32F1xx_HAL_Driver/Src/stm32f1xx_hal_cortex.o
 .debug_line    0x00001156      0x8b3 Drivers/STM32F1xx_HAL_Driver/Src/stm32f1xx_hal_gpio.o
 .debug_line    0x00001a09      0xc00 Drivers/STM32F1xx_HAL_Driver/Src/stm32f1xx_hal_rcc.o
 .debug_line    0x00002609     0x15b9 Drivers/STM32F1xx_HAL_Driver/Src/stm32f1xx_hal_tim.o
 .debug_line    0x00003bc2      0xccc Drivers/STM32F1xx_HAL_Driver/Src/stm32f1xx_hal_tim_ex.o
 .debug_line    0x0000488e      0xb1a Middlewares/Third_Party/FreeRTOS/Source/CMSIS_RTOS/cmsis_os.o
 .debug_line    0x000053a8      0x558 Middlewares/Third_Party/FreeRTOS/Source/list.o
 .debug_line    0x00005900      0x9e2 Middlewares/Third_Party/FreeRTOS/Source/queue.o
 .debug_line    0x000062e2      0xcd9 Middlewares/Third_Party/FreeRTOS/Source/tasks.o
 .debug_line    0x00006fbb      0x5d4 Middlewares/Third_Party/FreeRTOS/Source/portable/GCC/ARM_CM3/port.o
 .debug_line    0x0000758f      0x60a Middlewares/Third_Party/FreeRTOS/Source/portable/MemMang/heap_4.o
 .debug_line    0x00007b99      0x9d8 Src/main.o
 .debug_line    0x00008571      0x72a Src/stm32f1xx_hal_msp.o
 .debug_line    0x00008c9b      0x75a Src/stm32f1xx_hal_timebase_TIM.o
 .debug_line    0x000093f5      0x980 Src/stm32f1xx_it.o
 .debug_line    0x00009d75      0x751 Src/system_stm32f1xx.o
 .debug_line    0x0000a4c6       0x7d startup/startup_stm32f103xb.o

.debug_str      0x00000000    0x92991
 .debug_str     0x00000000    0x88645 Drivers/STM32F1xx_HAL_Driver/Src/stm32f1xx_hal.o
                              0x88ae2 (size before relaxing)
 .debug_str     0x00088645      0x2c6 Drivers/STM32F1xx_HAL_Driver/Src/stm32f1xx_hal_cortex.o
                              0x88ae0 (size before relaxing)
 .debug_str     0x0008890b      0x459 Drivers/STM32F1xx_HAL_Driver/Src/stm32f1xx_hal_gpio.o
                              0x888c5 (size before relaxing)
 .debug_str     0x00088d64      0x3e2 Drivers/STM32F1xx_HAL_Driver/Src/stm32f1xx_hal_rcc.o
                              0x88930 (size before relaxing)
 .debug_str     0x00089146     0x104b Drivers/STM32F1xx_HAL_Driver/Src/stm32f1xx_hal_tim.o
                              0x89546 (size before relaxing)
 .debug_str     0x0008a191      0x4d0 Drivers/STM32F1xx_HAL_Driver/Src/stm32f1xx_hal_tim_ex.o
                              0x88de0 (size before relaxing)
 .debug_str     0x0008a661     0x6158 Middlewares/Third_Party/FreeRTOS/Source/CMSIS_RTOS/cmsis_os.o
                               0xc159 (size before relaxing)
 .debug_str     0x000907b9      0x22a Middlewares/Third_Party/FreeRTOS/Source/list.o
                               0x8ee8 (size before relaxing)
 .debug_str     0x000909e3      0x6eb Middlewares/Third_Party/FreeRTOS/Source/queue.o
                               0xa8ed (size before relaxing)
 .debug_str     0x000910ce      0xd38 Middlewares/Third_Party/FreeRTOS/Source/tasks.o
                               0xaf16 (size before relaxing)
 .debug_str     0x00091e06      0x63d Middlewares/Third_Party/FreeRTOS/Source/portable/GCC/ARM_CM3/port.o
                               0x7537 (size before relaxing)
 .debug_str     0x00092443      0x243 Middlewares/Third_Party/FreeRTOS/Source/portable/MemMang/heap_4.o
                               0x97d2 (size before relaxing)
 .debug_str     0x00092686      0x181 Src/main.o
                              0x8e712 (size before relaxing)
 .debug_str     0x00092807       0x1b Src/stm32f1xx_hal_msp.o
                              0x88756 (size before relaxing)
 .debug_str     0x00092822       0x61 Src/stm32f1xx_hal_timebase_TIM.o
                              0x88c0b (size before relaxing)
 .debug_str     0x00092883       0xad Src/stm32f1xx_it.o
                              0x8ded2 (size before relaxing)
 .debug_str     0x00092930       0x61 Src/system_stm32f1xx.o
                              0x884f6 (size before relaxing)

.comment        0x00000000       0x6e
 .comment       0x00000000       0x6e Drivers/STM32F1xx_HAL_Driver/Src/stm32f1xx_hal.o
                                 0x6f (size before relaxing)
 .comment       0x0000006e       0x6f Drivers/STM32F1xx_HAL_Driver/Src/stm32f1xx_hal_cortex.o
 .comment       0x0000006e       0x6f Drivers/STM32F1xx_HAL_Driver/Src/stm32f1xx_hal_gpio.o
 .comment       0x0000006e       0x6f Drivers/STM32F1xx_HAL_Driver/Src/stm32f1xx_hal_rcc.o
 .comment       0x0000006e       0x6f Drivers/STM32F1xx_HAL_Driver/Src/stm32f1xx_hal_tim.o
 .comment       0x0000006e       0x6f Drivers/STM32F1xx_HAL_Driver/Src/stm32f1xx_hal_tim_ex.o
 .comment       0x0000006e       0x6f Middlewares/Third_Party/FreeRTOS/Source/CMSIS_RTOS/cmsis_os.o
 .comment       0x0000006e       0x6f Middlewares/Third_Party/FreeRTOS/Source/list.o
 .comment       0x0000006e       0x6f Middlewares/Third_Party/FreeRTOS/Source/queue.o
 .comment       0x0000006e       0x6f Middlewares/Third_Party/FreeRTOS/Source/tasks.o
 .comment       0x0000006e       0x6f Middlewares/Third_Party/FreeRTOS/Source/portable/GCC/ARM_CM3/port.o
 .comment       0x0000006e       0x6f Middlewares/Third_Party/FreeRTOS/Source/portable/MemMang/heap_4.o
 .comment       0x0000006e       0x6f Src/main.o
 .comment       0x0000006e       0x6f Src/stm32f1xx_hal_msp.o
 .comment       0x0000006e       0x6f Src/stm32f1xx_hal_timebase_TIM.o
 .comment       0x0000006e       0x6f Src/stm32f1xx_it.o
 .comment       0x0000006e       0x6f Src/system_stm32f1xx.o

.debug_frame    0x00000000     0x2394
 .debug_frame   0x00000000      0x168 Drivers/STM32F1xx_HAL_Driver/Src/stm32f1xx_hal.o
 .debug_frame   0x00000168      0x124 Drivers/STM32F1xx_HAL_Driver/Src/stm32f1xx_hal_cortex.o
 .debug_frame   0x0000028c       0xc4 Drivers/STM32F1xx_HAL_Driver/Src/stm32f1xx_hal_gpio.o
 .debug_frame   0x00000350      0x158 Drivers/STM32F1xx_HAL_Driver/Src/stm32f1xx_hal_rcc.o
 .debug_frame   0x000004a8      0x9cc Drivers/STM32F1xx_HAL_Driver/Src/stm32f1xx_hal_tim.o
 .debug_frame   0x00000e74      0x3b8 Drivers/STM32F1xx_HAL_Driver/Src/stm32f1xx_hal_tim_ex.o
 .debug_frame   0x0000122c      0x51c Middlewares/Third_Party/FreeRTOS/Source/CMSIS_RTOS/cmsis_os.o
 .debug_frame   0x00001748       0x6c Middlewares/Third_Party/FreeRTOS/Source/list.o
 .debug_frame   0x000017b4      0x2a8 Middlewares/Third_Party/FreeRTOS/Source/queue.o
 .debug_frame   0x00001a5c      0x4cc Middlewares/Third_Party/FreeRTOS/Source/tasks.o
 .debug_frame   0x00001f28      0x138 Middlewares/Third_Party/FreeRTOS/Source/portable/GCC/ARM_CM3/port.o
 .debug_frame   0x00002060       0xac Middlewares/Third_Party/FreeRTOS/Source/portable/MemMang/heap_4.o
 .debug_frame   0x0000210c       0xec Src/main.o
 .debug_frame   0x000021f8       0x2c Src/stm32f1xx_hal_msp.o
 .debug_frame   0x00002224       0x4c Src/stm32f1xx_hal_timebase_TIM.o
 .debug_frame   0x00002270       0xa0 Src/stm32f1xx_it.o
 .debug_frame   0x00002310       0x30 Src/system_stm32f1xx.o
 .debug_frame   0x00002340       0x2c c:/ac6/systemworkbench/plugins/fr.ac6.mcu.externaltools.arm-none.win32_1.13.2.201705091103/tools/compiler/bin/../lib/gcc/arm-none-eabi/5.4.1/../../../../arm-none-eabi/lib/armv7-m\libc_nano.a(lib_a-init.o)
 .debug_frame   0x0000236c       0x28 c:/ac6/systemworkbench/plugins/fr.ac6.mcu.externaltools.arm-none.win32_1.13.2.201705091103/tools/compiler/bin/../lib/gcc/arm-none-eabi/5.4.1/../../../../arm-none-eabi/lib/armv7-m\libc_nano.a(lib_a-memcpy-stub.o)
